// Jest Snapshot v1, https://goo.gl/fbAQLP

exports[`<ProductFeatures /> component renders correctly 1`] = `ShallowWrapper {}`;
