// Jest Snapshot v1, https://goo.gl/fbAQLP

exports[`<CustomerQuestions /> renders correctly 1`] = `ShallowWrapper {}`;
